******************************************************************************
            TI ARM Clang Linker Unix v4.0.4                    
******************************************************************************
>> Linked Tue Apr 21 20:36:10 2026

OUTPUT FILE NAME:   <ECE319K_Lab9.out>
ENTRY POINT SYMBOL: "_c_int00_noargs"  address: 00003535


MEMORY CONFIGURATION

         name            origin    length      used     unused   attr    fill
----------------------  --------  ---------  --------  --------  ----  --------
  FLASH                 00000000   00020000  000042a0  0001bd60  R  X
  SRAM                  20200000   00008000  00000894  0000776c  RW X
  BCR_CONFIG            41c00000   00000080  00000000  00000080  R   
  BSL_CONFIG            41c00100   00000080  00000000  00000080  R   


SEGMENT ALLOCATION MAP

run origin  load origin   length   init length attrs members
----------  ----------- ---------- ----------- ----- -------
00000000    00000000    000042a0   000042a0    r-x
  00000000    00000000    000000c0   000000c0    r-- .intvecs
  000000c0    000000c0    000036c0   000036c0    r-x .text
  00003780    00003780    00000a28   00000a28    r-- .rodata
  000041a8    000041a8    000000f8   000000f8    r-- .cinit
20200000    20200000    00000698   00000000    rw-
  20200000    20200000    0000027d   00000000    rw- .data
  20200280    20200280    00000217   00000000    rw- .bss
  20200498    20200498    00000200   00000000    rw- .sysmem
20207e00    20207e00    00000200   00000000    rw-
  20207e00    20207e00    00000200   00000000    rw- .stack


SECTION ALLOCATION MAP

 output                                  attributes/
section   page    origin      length       input sections
--------  ----  ----------  ----------   ----------------
.intvecs   0    00000000    000000c0     
                  00000000    000000c0     startup_mspm0g3507_ticlang.o (.intvecs)

.text      0    000000c0    000036c0     
                  000000c0    00000328     Lab9Main.o (.text.TIMG12_IRQHandler)
                  000003e8    0000031c     Lab9Main.o (.text.main)
                  00000704    000002fc     Lab9Main.o (.text.DrawPlane)
                  00000a00    000001b4     Clock.o (.text.Clock_Init80MHz)
                  00000bb4    000001a8     ST7735.o (.text.ST7735_DrawChar)
                  00000d5c    00000194     Lab9Main.o (.text.DrawFlame)
                  00000ef0    0000017c     Lab9Main.o (.text.RestoreBg)
                  0000106c    00000154     libc.a : fopen.c.obj (.text._openfile)
                  000011c0    00000118     ST7735.o (.text.ST7735_FillRect)
                  000012d8    00000114     libc.a : memory.c.obj (.text.aligned_alloc)
                  000013ec    000000f8     SPI.o (.text.SPI_Init)
                  000014e4    000000f4     Lab9Main.o (.text.DrawLanguageScreen)
                  000015d8    000000ec     Lab9Main.o (.text.DrawSplash)
                  000016c4    000000ec     libsysbm.a : add_device.c.obj (.text.add_device)
                  000017b0    000000e8     libc.a : memory.c.obj (.text.free)
                  00001898    000000e4     Lab9Main.o (.text.SelectLanguage)
                  0000197c    000000e0     libc.a : setvbuf.c.obj (.text.setvbuf)
                  00001a5c    000000d0     ST7735.o (.text.ST7735_OutChar)
                  00001b2c    000000c4     Lab9Main.o (.text.SpawnMeteor)
                  00001bf0    000000c0     Lab9Main.o (.text.DrawBackground)
                  00001cb0    000000c0     Lab9Main.o (.text.DrawPanel)
                  00001d70    000000b0     ST7735.o (.text.ST7735_DrawFastHLine)
                  00001e20    000000b0     ST7735.o (.text.ST7735_DrawFastVLine)
                  00001ed0    000000a8     DAC.o (.text.DAC_Init)
                  00001f78    000000a4     Lab9Main.o (.text.CheckCollision)
                  0000201c    000000a2     ST7735.o (.text.commandList)
                  000020be    00000002     LED.o (.text.LED_Init)
                  000020c0    000000a0     libsysbm.a : open.c.obj (.text.open)
                  00002160    0000009c     Lab9Main.o (.text.Game_Init)
                  000021fc    0000009c     ST7735.o (.text.ST7735_InitPrintf)
                  00002298    0000009c     Sound.o (.text.SysTick_Handler)
                  00002334    00000098     ST7735.o (.text.ST7735_InitR)
                  000023cc    00000094     Timer.o (.text.TimerG12_IntArm)
                  00002460    00000088     Lab9Main.o (.text.DrawGameOver)
                  000024e8    00000088     ST7735.o (.text.setAddrWindow)
                  00002570    00000088     libc.a : strcmp-armv6m.S.obj (.text:strcmp)
                  000025f8    00000084     ST7735.o (.text.ST7735_DrawString)
                  0000267c    00000084     ST7735.o (.text.ST7735_OutUDec)
                  00002700    0000007c     LaunchPad.o (.text.LaunchPad_Init)
                  0000277c    0000007c     libc.a : fclose.c.obj (.text.__TI_closefile)
                  000027f8    0000007c            : copy_decompress_lzss.c.obj (.text:decompress:lzss)
                  00002874    00000078     ADC1.o (.text.ADCinit)
                  000028ec    00000070     ST7735.o (.text.ST7735_DrawPixel)
                  0000295c    0000006c     libsysbm.a : hostlseek.c.obj (.text.HOSTlseek)
                  000029c8    0000006c                : hostrename.c.obj (.text.HOSTrename)
                  00002a34    0000006c     libc.a : getdevice.c.obj (.text.getdevice)
                  00002aa0    00000064     Sound.o (.text.Sound_Engine)
                  00002b04    00000064     libc.a : memory.c.obj (.text.split)
                  00002b68    00000060     libsysbm.a : hostopen.c.obj (.text.HOSTopen)
                  00002bc8    0000005c     Lab9Main.o (.text.DrawMeteor)
                  00002c24    00000058     Lab9Main.o (.text.DrawHUD)
                  00002c7c    00000058     libsysbm.a : hostread.c.obj (.text.HOSTread)
                  00002cd4    00000058                : hostwrite.c.obj (.text.HOSTwrite)
                  00002d2c    00000054     ST7735.o (.text.fillmessage)
                  00002d80    00000052     libc.a : fflush.c.obj (.text.__TI_doflush)
                  00002dd2    00000002     libclang_rt.builtins.a : aeabi_div0.c.obj (.text.__aeabi_idiv0)
                  00002dd4    00000050     libsysbm.a : close.c.obj (.text.close)
                  00002e24    0000004c     Lab9Main.o (.text.WaitForButtonPress)
                  00002e70    00000048     libsysbm.a : hostclose.c.obj (.text.HOSTclose)
                  00002eb8    00000048                : hostunlink.c.obj (.text.HOSTunlink)
                  00002f00    00000048     SPI.o (.text.SPI_OutCommand)
                  00002f48    00000044     ADC1.o (.text.ADCin)
                  00002f8c    00000040     SPI.o (.text.SPI_Reset)
                  00002fcc    00000040     Sound.o (.text.Sound_Init)
                  0000300c    00000040     TExaS.o (.text.TIMG7_IRQHandler)
                  0000304c    00000040     libclang_rt.builtins.a : aeabi_uidivmod.S.obj (.text.__aeabi_uidivmod)
                  0000308c    00000040     libc.a : fopen.c.obj (.text._search_fp)
                  000030cc    0000003c            : autoinit.c.obj (.text:__TI_auto_init_nobinit_nopinit)
                  00003108    00000038     LaunchPad.o (.text.ActivatePortA_B)
                  00003140    00000038     SPI.o (.text.SPI_OutData)
                  00003178    00000038     Sound.o (.text.SysTick_IntArm)
                  000031b0    00000034     Clock.o (.text.Clock_Delay1ms)
                  000031e4    00000034     ST7735.o (.text.ST7735_SetCursor)
                  00003218    00000034     ST7735.o (.text.ST7735_write)
                  0000324c    00000034     libc.a : fopen.c.obj (.text.__TI_cleanup)
                  00003280    00000034     libsysbm.a : trgmsg.c.obj (.text.__TI_readmsg)
                  000032b4    00000034                : trgmsg.c.obj (.text.__TI_writemsg)
                  000032e8    00000034     libc.a : exit.c.obj (.text.exit)
                  0000331c    00000034            : getdevice.c.obj (.text.finddevice)
                  00003350    00000034            : fopen.c.obj (.text.freopen)
                  00003384    00000030     ST7735.o (.text.commonInit)
                  000033b4    00000030     libc.a : fopen.c.obj (.text.fopen)
                  000033e4    0000002c     ST7735.o (.text.ST7735_FillScreen)
                  00003410    0000002c     Sound.o (.text.Sound_Explosion)
                  0000343c    0000002c     Sound.o (.text.Sound_Killed)
                  00003468    0000002c     libsysbm.a : unlink.c.obj (.text.unlink)
                  00003494    00000028     Switch.o (.text.Switch_In)
                  000034bc    00000028     Switch.o (.text.Switch_Init)
                  000034e4    00000028     libc.a : memory.c.obj (.text.free_list_insert)
                  0000350c    00000028     libsysbm.a : write.c.obj (.text.write)
                  00003534    00000028     libc.a : boot_cortex_m.c.obj (.text:_c_int00_noargs)
                  0000355c    00000026     ST7735.o (.text.ST7735_OutString)
                  00003582    00000002     libc.a : _lock.c.obj (.text._nop)
                  00003584    00000024     Lab9Main.o (.text.Rand16)
                  000035a8    0000001e     ST7735.o (.text.pushColor)
                  000035c6    00000002     --HOLE-- [fill = 0]
                  000035c8    0000001c     startup_mspm0g3507_ticlang.o (.text.Default_Handler)
                  000035e4    0000001c     startup_mspm0g3507_ticlang.o (.text.HardFault_Handler)
                  00003600    0000001c     libc.a : memory.c.obj (.text.free_list_remove)
                  0000361c    00000016     ST7735.o (.text.ST7735_open)
                  00003632    00000016     ST7735.o (.text.ST7735_read)
                  00003648    00000016     libc.a : copy_zero_init.c.obj (.text:decompress:ZI:__TI_zero_init_nomemset)
                  0000365e    00000002     --HOLE-- [fill = 0]
                  00003660    00000014     DAC.o (.text.DAC_Out)
                  00003674    00000012     libc.a : memcpy16.S.obj (.text:TI_memcpy_small)
                  00003686    00000012            : copy_decompress_none.c.obj (.text:decompress:none)
                  00003698    00000010     Clock.o (.text.Clock_Delay)
                  000036a8    00000010     LaunchPad.o (.text.Delay)
                  000036b8    0000000e     libc.a : memory.c.obj (.text.OUTLINED_FUNCTION_0)
                  000036c6    0000000e     ST7735.o (.text.ST7735_lseek)
                  000036d4    0000000e     libsysbm.a : hostrename.c.obj (.text.strcpy)
                  000036e2    0000000e                : hostrename.c.obj (.text.strlen)
                  000036f0    0000000e     libc.a : memset16.S.obj (.text:TI_memset_small)
                  000036fe    00000002     --HOLE-- [fill = 0]
                  00003700    0000000c     Clock.o (.text.Clock_Freq)
                  0000370c    0000000c     ST7735.o (.text.ST7735_rename)
                  00003718    0000000c     libclang_rt.builtins.a : aeabi_memset.S.obj (.text.__aeabi_memclr)
                  00003724    0000000c     libc.a : memory.c.obj (.text.malloc)
                  00003730    0000000a     Lab9Main.o (.text.PLL_Init)
                  0000373a    0000000a     ST7735.o (.text.ST7735_close)
                  00003744    0000000a     ST7735.o (.text.ST7735_unlink)
                  0000374e    00000002     --HOLE-- [fill = 0]
                  00003750    00000008     libclang_rt.builtins.a : aeabi_memcpy.S.obj (.text.__aeabi_memcpy)
                  00003758    00000008     libsysbm.a : remove.c.obj (.text.remove)
                  00003760    00000006     libc.a : exit.c.obj (.text:abort)
                  00003766    00000004     libsysbm.a : hostexit.c.obj (.text.HOSTexit)
                  0000376a    00000004     startup_mspm0g3507_ticlang.o (.text.Reset_Handler)
                  0000376e    00000004     libc.a : pre_init.c.obj (.text._system_pre_init)
                  00003772    0000000e     --HOLE-- [fill = 0]

.cinit     0    000041a8    000000f8     
                  000041a8    000000d1     (.cinit..data.load) [load image, compression = lzss]
                  00004279    00000003     --HOLE-- [fill = 0]
                  0000427c    0000000c     (__TI_handler_table)
                  00004288    00000008     (.cinit..bss.load) [load image, compression = zero_init]
                  00004290    00000010     (__TI_cinit_table)

.rodata    0    00003780    00000a28     
                  00003780    000004fb     ST7735.o (.rodata.Font)
                  00003c7b    00000200     Sound.o (.rodata.GameOverSound)
                  00003e7b    00000100     Sound.o (.rodata.ExplosionSound)
                  00003f7b    0000003b     ST7735.o (.rodata.Rcmd1)
                  00003fb6    0000002b     ST7735.o (.rodata.Rcmd3)
                  00003fe1    00000020     Sound.o (.rodata.SineTable)
                  00004001    00000016     ST7735.o (.rodata.str1.2132471336006292093.1)
                  00004017    00000010     Lab9Main.o (.rodata.str1.17612660480073915159.1)
                  00004027    00000010     Lab9Main.o (.rodata.str1.336104853504468649.1)
                  00004037    00000010     Lab9Main.o (.rodata.str1.6501096395146260577.1)
                  00004047    00000010     Lab9Main.o (.rodata.str1.6746653453011467403.1)
                  00004057    0000000f     Lab9Main.o (.rodata.str1.10956894381941128373.1)
                  00004066    0000000e     Lab9Main.o (.rodata.str1.11345711001790020619.1)
                  00004074    0000000e     Lab9Main.o (.rodata.str1.11607978590611039532.1)
                  00004082    0000000e     Lab9Main.o (.rodata.str1.1264071292318471298.1)
                  00004090    0000000e     Lab9Main.o (.rodata.str1.13257645979971916210.1)
                  0000409e    0000000e     Lab9Main.o (.rodata.str1.15327679786664799400.1)
                  000040ac    0000000e     Lab9Main.o (.rodata.str1.5978245710334724802.1)
                  000040ba    0000000d     ST7735.o (.rodata.Rcmd2green)
                  000040c7    0000000d     ST7735.o (.rodata.Rcmd2red)
                  000040d4    0000000d     Lab9Main.o (.rodata.str1.10759225207695935619.1)
                  000040e1    0000000d     Lab9Main.o (.rodata.str1.10912311428539069828.1)
                  000040ee    0000000d     Lab9Main.o (.rodata.str1.12041898082351702180.1)
                  000040fb    0000000d     Lab9Main.o (.rodata.str1.1552820457024920173.1)
                  00004108    0000000d     Lab9Main.o (.rodata.str1.15559147168417893312.1)
                  00004115    0000000d     Lab9Main.o (.rodata.str1.1625247709523239184.1)
                  00004122    0000000c     Lab9Main.o (.rodata.str1.15173397269044068037.1)
                  0000412e    0000000c     Lab9Main.o (.rodata.str1.3203466171103674007.1)
                  0000413a    0000000b     Lab9Main.o (.rodata.str1.11818004548092502666.1)
                  00004145    0000000a     Lab9Main.o (.rodata.str1.10366643633181473298.1)
                  0000414f    0000000a     Lab9Main.o (.rodata.str1.2523468298586745346.1)
                  00004159    00000009     Lab9Main.o (.rodata.str1.17805729293612134331.1)
                  00004162    00000009     Lab9Main.o (.rodata.str1.635279466477427710.1)
                  0000416b    00000009     Lab9Main.o (.rodata.str1.6473482669370353741.1)
                  00004174    00000009     Lab9Main.o (.rodata.str1.9949443219423920295.1)
                  0000417d    00000008     ST7735.o (.rodata.str1.14694424544768695619.1)
                  00004185    00000008     Lab9Main.o (.rodata.str1.15954068218775356138.1)
                  0000418d    00000007     ST7735.o (.rodata.str1.1448485181700679404.1)
                  00004194    00000003     Lab9Main.o (.rodata.str1.15386688721719582736.1)
                  00004197    00000003     Lab9Main.o (.rodata.str1.43339505607666449.1)
                  0000419a    00000003     Lab9Main.o (.rodata.str1.9100383622462280700.1)
                  0000419d    00000003     Lab9Main.o (.rodata.str1.974537855998307409.1)
                  000041a0    00000002     ST7735.o (.rodata.str1.4408429423603725162.1)
                  000041a2    00000006     --HOLE-- [fill = 0]

.init_array 
*          0    00000000    00000000     UNINITIALIZED

.binit     0    00000000    00000000     

.data      0    20200000    0000027d     UNINITIALIZED
                  20200000    000000f0     libc.a : defs.c.obj (.data._ftable)
                  202000f0    00000078     libsysbm.a : host_device.c.obj (.data._device)
                  20200168    00000050                : host_device.c.obj (.data._stream)
                  202001b8    00000008     libc.a : exit.c.obj (.data..L_MergedGlobals)
                  202001c0    00000008     Lab9Main.o (.data.STR_GAMEOVER)
                  202001c8    00000008     Lab9Main.o (.data.STR_LEFT)
                  202001d0    00000008     Lab9Main.o (.data.STR_LIVES)
                  202001d8    00000008     Lab9Main.o (.data.STR_RESTART2)
                  202001e0    00000008     Lab9Main.o (.data.STR_RESTART)
                  202001e8    00000008     Lab9Main.o (.data.STR_RIGHT)
                  202001f0    00000008     Lab9Main.o (.data.STR_SCORE)
                  202001f8    00000008     Lab9Main.o (.data.STR_SCORELBL)
                  20200200    00000008     Lab9Main.o (.data.STR_SLIDER)
                  20200208    00000008     Lab9Main.o (.data.STR_START2)
                  20200210    00000008     Lab9Main.o (.data.STR_START)
                  20200218    00000008     Lab9Main.o (.data.STR_SUBTITLE)
                  20200220    00000008     Lab9Main.o (.data.STR_TITLE)
                  20200228    00000004     Clock.o (.data.BusFreq)
                  2020022c    00000004     Sound.o (.data.EngineIndex)
                  20200230    00000004     Sound.o (.data.EngineSkip)
                  20200234    00000004     Lab9Main.o (.data.Score)
                  20200238    00000004     Lab9Main.o (.data.SliderFilt)
                  2020023c    00000004     Lab9Main.o (.data.SliderRaw)
                  20200240    00000004     Sound.o (.data.SoundCount)
                  20200244    00000004     Sound.o (.data.SoundPt)
                  20200248    00000004     ST7735.o (.data.StX)
                  2020024c    00000004     ST7735.o (.data.StY)
                  20200250    00000004     libc.a : defs.c.obj (.data.__TI_ft_end)
                  20200254    00000004            : _lock.c.obj (.data._lock)
                  20200258    00000004            : _lock.c.obj (.data._unlock)
                  2020025c    00000002     Lab9Main.o (.data.PlaneTilt)
                  2020025e    00000002     Lab9Main.o (.data.PlaneX)
                  20200260    00000002     Lab9Main.o (.data.PlaneY)
                  20200262    00000002     Lab9Main.o (.data.RandState)
                  20200264    00000002     ST7735.o (.data.StTextColor)
                  20200266    00000002     Lab9Main.o (.data.TiltVel)
                  20200268    00000002     ST7735.o (.data._height)
                  2020026a    00000002     ST7735.o (.data._width)
                  2020026c    00000001     Lab9Main.o (.data.BtnLeft)
                  2020026d    00000001     Lab9Main.o (.data.BtnRight)
                  2020026e    00000001     Lab9Main.o (.data.GameOver)
                  2020026f    00000001     Lab9Main.o (.data.GameTick)
                  20200270    00000001     Lab9Main.o (.data.Language)
                  20200271    00000001     Lab9Main.o (.data.Lives)
                  20200272    00000001     Sound.o (.data.SoundType)
                  20200273    00000001     Lab9Main.o (.data.SpawnTimer)
                  20200274    00000001     libsysbm.a : add_device.c.obj (.data.add_device.device_init)
                  20200275    00000003     --HOLE--
                  20200278    00000001     libc.a : memory.c.obj (.data.memory_is_initialized)
                  20200279    00000003     --HOLE--
                  2020027c    00000001     libsysbm.a : open.c.obj (.data.open.stream_init)

.bss       0    20200280    00000217     UNINITIALIZED
                  20200280    00000120     libsysbm.a : trgmsg.c.obj (.bss:_CIOBUF_)
                  202003a0    000000a0     libc.a : defs.c.obj (.bss.__TI_tmpnams)
                  20200440    00000030     (.common:Meteors)
                  20200470    0000000c     (.common:Message)
                  2020047c    00000008     libsysbm.a : hostopen.c.obj (.bss.parmbuf)
                  20200484    00000004     libc.a : memory.c.obj (.bss.sys_free)
                  20200488    00000004     (.common:Messageindex)
                  2020048c    00000004     (.common:TExaSLogic)
                  20200490    00000004     (.common:TExaSadc)
                  20200494    00000001     ST7735.o (.bss.ColStart)
                  20200495    00000001     ST7735.o (.bss.RowStart)
                  20200496    00000001     ST7735.o (.bss.TabColor)

.sysmem    0    20200498    00000200     UNINITIALIZED
                  20200498    00000010     libc.a : memory.c.obj (.sysmem)
                  202004a8    000001f0     --HOLE--

.stack     0    20207e00    00000200     UNINITIALIZED
                  20207e00    00000004     libc.a : boot_cortex_m.c.obj (.stack)
                  20207e04    000001fc     --HOLE--

__llvm_prf_cnts 
*          0    20200000    00000000     UNINITIALIZED

__llvm_prf_bits 
*          0    20200000    00000000     UNINITIALIZED

MODULE SUMMARY

       Module                         code    ro data   rw data
       ------                         ----    -------   -------
    ./
       Lab9Main.o                     5198    352       181    
       ST7735.o                       2684    1442      33     
       Sound.o                        464     800       17     
       Clock.o                        516     0         4      
       SPI.o                          440     0         0      
       LaunchPad.o                    196     0         0      
       ADC1.o                         188     0         0      
       DAC.o                          188     0         0      
       Timer.o                        148     0         0      
       Switch.o                       80      0         0      
       TExaS.o                        64      0         8      
       LED.o                          2       0         0      
    +--+------------------------------+-------+---------+---------+
       Total:                         10168   2594      243    
                                                               
    ./ticlang/
       startup_mspm0g3507_ticlang.o   60      192       0      
    +--+------------------------------+-------+---------+---------+
       Total:                         60      192       0      
                                                               
    /Applications/ti/ccs2040/ccs/tools/compiler/ti-cgt-armllvm_4.0.4.LTS/lib/armv6m-ti-none-eabi/c/libc.a
       memory.c.obj                   702     0         5      
       fopen.c.obj                    556     0         0      
       defs.c.obj                     0       0         404    
       setvbuf.c.obj                  224     0         0      
       getdevice.c.obj                160     0         0      
       strcmp-armv6m.S.obj            136     0         0      
       copy_decompress_lzss.c.obj     124     0         0      
       fclose.c.obj                   124     0         0      
       fflush.c.obj                   82      0         0      
       exit.c.obj                     58      0         8      
       autoinit.c.obj                 60      0         0      
       boot_cortex_m.c.obj            40      0         0      
       copy_zero_init.c.obj           22      0         0      
       copy_decompress_none.c.obj     18      0         0      
       memcpy16.S.obj                 18      0         0      
       memset16.S.obj                 14      0         0      
       _lock.c.obj                    2       0         8      
       pre_init.c.obj                 4       0         0      
    +--+------------------------------+-------+---------+---------+
       Total:                         2344    0         425    
                                                               
    /Applications/ti/ccs2040/ccs/tools/compiler/ti-cgt-armllvm_4.0.4.LTS/lib/armv6m-ti-none-eabi/c/libsysbm.a
       trgmsg.c.obj                   104     0         288    
       add_device.c.obj               236     0         1      
       host_device.c.obj              0       0         200    
       open.c.obj                     160     0         1      
       hostrename.c.obj               136     0         0      
       hostlseek.c.obj                108     0         0      
       hostopen.c.obj                 96      0         8      
       hostread.c.obj                 88      0         0      
       hostwrite.c.obj                88      0         0      
       close.c.obj                    80      0         0      
       hostclose.c.obj                72      0         0      
       hostunlink.c.obj               72      0         0      
       unlink.c.obj                   44      0         0      
       write.c.obj                    40      0         0      
       remove.c.obj                   8       0         0      
       hostexit.c.obj                 4       0         0      
    +--+------------------------------+-------+---------+---------+
       Total:                         1336    0         498    
                                                               
    /Applications/ti/ccs2040/ccs/tools/compiler/ti-cgt-armllvm_4.0.4.LTS/lib/armv6m-ti-none-eabi/libclang_rt.builtins.a
       aeabi_uidivmod.S.obj           64      0         0      
       aeabi_memset.S.obj             12      0         0      
       aeabi_memcpy.S.obj             8       0         0      
       aeabi_div0.c.obj               2       0         0      
    +--+------------------------------+-------+---------+---------+
       Total:                         86      0         0      
                                                               
       Heap:                          0       0         512    
       Stack:                         0       0         512    
       Linker Generated:              0       245       0      
    +--+------------------------------+-------+---------+---------+
       Grand Total:                   13994   3031      2190   


LINKER GENERATED COPY TABLES

__TI_cinit_table @ 00004290 records: 2, size/record: 8, table size: 16
	.data: load addr=000041a8, load size=000000d1 bytes, run addr=20200000, run size=0000027d bytes, compression=lzss
	.bss: load addr=00004288, load size=00000008 bytes, run addr=20200280, run size=00000217 bytes, compression=zero_init


LINKER GENERATED HANDLER TABLE

__TI_handler_table @ 0000427c records: 3, size/record: 4, table size: 12
	index: 0, handler: __TI_decompress_lzss
	index: 1, handler: __TI_decompress_none
	index: 2, handler: __TI_zero_init


GLOBAL SYMBOLS: SORTED ALPHABETICALLY BY Name 

address   name                          
-------   ----                          
000035c9  ADC0_IRQHandler               
000035c9  ADC1_IRQHandler               
00002f49  ADCin                         
00002875  ADCinit                       
000035c9  AES_IRQHandler                
00003109  ActivatePortA_B               
2020026c  BtnLeft                       
2020026d  BtnRight                      
20200228  BusFreq                       
00003766  C$$EXIT                       
000032e1  C$$IO$$                       
000035c9  CANFD0_IRQHandler             
00001f79  CheckCollision                
00003699  Clock_Delay                   
000031b1  Clock_Delay1ms                
00003701  Clock_Freq                    
00000a01  Clock_Init80MHz               
000035c9  DAC0_IRQHandler               
00001ed1  DAC_Init                      
00003661  DAC_Out                       
000035c9  DMA_IRQHandler                
000035c9  Default_Handler               
000036a9  Delay                         
00001bf1  DrawBackground                
00000d5d  DrawFlame                     
00002461  DrawGameOver                  
00002c25  DrawHUD                       
000014e5  DrawLanguageScreen            
00002bc9  DrawMeteor                    
00001cb1  DrawPanel                     
00000705  DrawPlane                     
000015d9  DrawSplash                    
000035c9  GROUP0_IRQHandler             
000035c9  GROUP1_IRQHandler             
2020026e  GameOver                      
2020026f  GameTick                      
00002161  Game_Init                     
00002e71  HOSTclose                     
00003767  HOSTexit                      
0000295d  HOSTlseek                     
00002b69  HOSTopen                      
00002c7d  HOSTread                      
000029c9  HOSTrename                    
00002eb9  HOSTunlink                    
00002cd5  HOSTwrite                     
000035e5  HardFault_Handler             
000035c9  I2C0_IRQHandler               
000035c9  I2C1_IRQHandler               
000020bf  LED_Init                      
20200270  Language                      
00002701  LaunchPad_Init                
20200271  Lives                         
20200470  Message                       
20200488  Messageindex                  
20200440  Meteors                       
000035c9  NMI_Handler                   
00003731  PLL_Init                      
000035c9  PendSV_Handler                
2020025c  PlaneTilt                     
2020025e  PlaneX                        
20200260  PlaneY                        
000035c9  RTC_IRQHandler                
00003585  Rand16                        
0000376b  Reset_Handler                 
00000ef1  RestoreBg                     
000035c9  SPI0_IRQHandler               
000035c9  SPI1_IRQHandler               
000013ed  SPI_Init                      
00002f01  SPI_OutCommand                
00003141  SPI_OutData                   
00002f8d  SPI_Reset                     
00000bb5  ST7735_DrawChar               
00001d71  ST7735_DrawFastHLine          
00001e21  ST7735_DrawFastVLine          
000028ed  ST7735_DrawPixel              
000025f9  ST7735_DrawString             
000011c1  ST7735_FillRect               
000033e5  ST7735_FillScreen             
000021fd  ST7735_InitPrintf             
00002335  ST7735_InitR                  
00001a5d  ST7735_OutChar                
0000355d  ST7735_OutString              
0000267d  ST7735_OutUDec                
000031e5  ST7735_SetCursor              
0000373b  ST7735_close                  
000036c7  ST7735_lseek                  
0000361d  ST7735_open                   
00003633  ST7735_read                   
0000370d  ST7735_rename                 
00003745  ST7735_unlink                 
00003219  ST7735_write                  
202001c0  STR_GAMEOVER                  
202001c8  STR_LEFT                      
202001d0  STR_LIVES                     
202001e0  STR_RESTART                   
202001d8  STR_RESTART2                  
202001e8  STR_RIGHT                     
202001f0  STR_SCORE                     
202001f8  STR_SCORELBL                  
20200200  STR_SLIDER                    
20200210  STR_START                     
20200208  STR_START2                    
20200218  STR_SUBTITLE                  
20200220  STR_TITLE                     
000035c9  SVC_Handler                   
20200234  Score                         
00001899  SelectLanguage                
20200238  SliderFilt                    
2020023c  SliderRaw                     
00002aa1  Sound_Engine                  
00003411  Sound_Explosion               
00002fcd  Sound_Init                    
0000343d  Sound_Killed                  
00001b2d  SpawnMeteor                   
20200273  SpawnTimer                    
20200264  StTextColor                   
20200248  StX                           
2020024c  StY                           
00003495  Switch_In                     
000034bd  Switch_Init                   
00002299  SysTick_Handler               
00003179  SysTick_IntArm                
2020048c  TExaSLogic                    
20200490  TExaSadc                      
000035c9  TIMA0_IRQHandler              
000035c9  TIMA1_IRQHandler              
000035c9  TIMG0_IRQHandler              
000000c1  TIMG12_IRQHandler             
000035c9  TIMG6_IRQHandler              
0000300d  TIMG7_IRQHandler              
000035c9  TIMG8_IRQHandler              
00003675  TI_memcpy_small               
000036f1  TI_memset_small               
000023cd  TimerG12_IntArm               
000035c9  UART0_IRQHandler              
000035c9  UART1_IRQHandler              
000035c9  UART2_IRQHandler              
000035c9  UART3_IRQHandler              
00002e25  WaitForButtonPress            
20200280  _CIOBUF_                      
20200280  __CIOBUF_                     
20208000  __STACK_END                   
00000200  __STACK_SIZE                  
00000200  __SYSMEM_SIZE                 
00000000  __TI_ATRegion0_region_sz      
00000000  __TI_ATRegion0_src_addr       
00000000  __TI_ATRegion0_trg_addr       
00000000  __TI_ATRegion1_region_sz      
00000000  __TI_ATRegion1_src_addr       
00000000  __TI_ATRegion1_trg_addr       
00000000  __TI_ATRegion2_region_sz      
00000000  __TI_ATRegion2_src_addr       
00000000  __TI_ATRegion2_trg_addr       
00004290  __TI_CINIT_Base               
000042a0  __TI_CINIT_Limit              
000042a0  __TI_CINIT_Warm               
0000427c  __TI_Handler_Table_Base       
00004288  __TI_Handler_Table_Limit      
000030cd  __TI_auto_init_nobinit_nopinit
0000324d  __TI_cleanup                  
202001b8  __TI_cleanup_ptr              
0000277d  __TI_closefile                
000027f9  __TI_decompress_lzss          
00003687  __TI_decompress_none          
00002d81  __TI_doflush                  
202001bc  __TI_dtors_ptr                
20200250  __TI_ft_end                   
ffffffff  __TI_pprof_out_hndl           
ffffffff  __TI_prof_data_size           
ffffffff  __TI_prof_data_start          
00003281  __TI_readmsg                  
00000000  __TI_static_base__            
202003a0  __TI_tmpnams                  
000032b5  __TI_writemsg                 
00003649  __TI_zero_init_nomemset       
00002dd3  __aeabi_idiv0                 
00003719  __aeabi_memclr                
00003719  __aeabi_memclr4               
00003719  __aeabi_memclr8               
00003751  __aeabi_memcpy                
00003751  __aeabi_memcpy4               
00003751  __aeabi_memcpy8               
0000304d  __aeabi_uidiv                 
0000304d  __aeabi_uidivmod              
ffffffff  __binit__                     
UNDEFED   __mpu_init                    
20207e00  __stack                       
20200000  __start___llvm_prf_bits       
20200000  __start___llvm_prf_cnts       
20200000  __stop___llvm_prf_bits        
20200000  __stop___llvm_prf_cnts        
00003535  _c_int00_noargs               
202000f0  _device                       
20200000  _ftable                       
20200254  _lock                         
00003583  _nop                          
20200168  _stream                       
20200498  _sys_memory                   
UNDEFED   _system_post_cinit            
0000376f  _system_pre_init              
20200258  _unlock                       
00003761  abort                         
000016c5  add_device                    
000012d9  aligned_alloc                 
ffffffff  binit                         
00002dd5  close                         
000032e9  exit                          
00002d2d  fillmessage                   
0000331d  finddevice                    
000033b5  fopen                         
000017b1  free                          
00003351  freopen                       
00002a35  getdevice                     
00000000  interruptVectors              
000003e9  main                          
00003725  malloc                        
000012d9  memalign                      
000020c1  open                          
2020047c  parmbuf                       
00003759  remove                        
0000197d  setvbuf                       
00002571  strcmp                        
00003469  unlink                        
0000350d  write                         


GLOBAL SYMBOLS: SORTED BY Symbol Address 

address   name                          
-------   ----                          
00000000  __TI_ATRegion0_region_sz      
00000000  __TI_ATRegion0_src_addr       
00000000  __TI_ATRegion0_trg_addr       
00000000  __TI_ATRegion1_region_sz      
00000000  __TI_ATRegion1_src_addr       
00000000  __TI_ATRegion1_trg_addr       
00000000  __TI_ATRegion2_region_sz      
00000000  __TI_ATRegion2_src_addr       
00000000  __TI_ATRegion2_trg_addr       
00000000  __TI_static_base__            
00000000  interruptVectors              
000000c1  TIMG12_IRQHandler             
00000200  __STACK_SIZE                  
00000200  __SYSMEM_SIZE                 
000003e9  main                          
00000705  DrawPlane                     
00000a01  Clock_Init80MHz               
00000bb5  ST7735_DrawChar               
00000d5d  DrawFlame                     
00000ef1  RestoreBg                     
000011c1  ST7735_FillRect               
000012d9  aligned_alloc                 
000012d9  memalign                      
000013ed  SPI_Init                      
000014e5  DrawLanguageScreen            
000015d9  DrawSplash                    
000016c5  add_device                    
000017b1  free                          
00001899  SelectLanguage                
0000197d  setvbuf                       
00001a5d  ST7735_OutChar                
00001b2d  SpawnMeteor                   
00001bf1  DrawBackground                
00001cb1  DrawPanel                     
00001d71  ST7735_DrawFastHLine          
00001e21  ST7735_DrawFastVLine          
00001ed1  DAC_Init                      
00001f79  CheckCollision                
000020bf  LED_Init                      
000020c1  open                          
00002161  Game_Init                     
000021fd  ST7735_InitPrintf             
00002299  SysTick_Handler               
00002335  ST7735_InitR                  
000023cd  TimerG12_IntArm               
00002461  DrawGameOver                  
00002571  strcmp                        
000025f9  ST7735_DrawString             
0000267d  ST7735_OutUDec                
00002701  LaunchPad_Init                
0000277d  __TI_closefile                
000027f9  __TI_decompress_lzss          
00002875  ADCinit                       
000028ed  ST7735_DrawPixel              
0000295d  HOSTlseek                     
000029c9  HOSTrename                    
00002a35  getdevice                     
00002aa1  Sound_Engine                  
00002b69  HOSTopen                      
00002bc9  DrawMeteor                    
00002c25  DrawHUD                       
00002c7d  HOSTread                      
00002cd5  HOSTwrite                     
00002d2d  fillmessage                   
00002d81  __TI_doflush                  
00002dd3  __aeabi_idiv0                 
00002dd5  close                         
00002e25  WaitForButtonPress            
00002e71  HOSTclose                     
00002eb9  HOSTunlink                    
00002f01  SPI_OutCommand                
00002f49  ADCin                         
00002f8d  SPI_Reset                     
00002fcd  Sound_Init                    
0000300d  TIMG7_IRQHandler              
0000304d  __aeabi_uidiv                 
0000304d  __aeabi_uidivmod              
000030cd  __TI_auto_init_nobinit_nopinit
00003109  ActivatePortA_B               
00003141  SPI_OutData                   
00003179  SysTick_IntArm                
000031b1  Clock_Delay1ms                
000031e5  ST7735_SetCursor              
00003219  ST7735_write                  
0000324d  __TI_cleanup                  
00003281  __TI_readmsg                  
000032b5  __TI_writemsg                 
000032e1  C$$IO$$                       
000032e9  exit                          
0000331d  finddevice                    
00003351  freopen                       
000033b5  fopen                         
000033e5  ST7735_FillScreen             
00003411  Sound_Explosion               
0000343d  Sound_Killed                  
00003469  unlink                        
00003495  Switch_In                     
000034bd  Switch_Init                   
0000350d  write                         
00003535  _c_int00_noargs               
0000355d  ST7735_OutString              
00003583  _nop                          
00003585  Rand16                        
000035c9  ADC0_IRQHandler               
000035c9  ADC1_IRQHandler               
000035c9  AES_IRQHandler                
000035c9  CANFD0_IRQHandler             
000035c9  DAC0_IRQHandler               
000035c9  DMA_IRQHandler                
000035c9  Default_Handler               
000035c9  GROUP0_IRQHandler             
000035c9  GROUP1_IRQHandler             
000035c9  I2C0_IRQHandler               
000035c9  I2C1_IRQHandler               
000035c9  NMI_Handler                   
000035c9  PendSV_Handler                
000035c9  RTC_IRQHandler                
000035c9  SPI0_IRQHandler               
000035c9  SPI1_IRQHandler               
000035c9  SVC_Handler                   
000035c9  TIMA0_IRQHandler              
000035c9  TIMA1_IRQHandler              
000035c9  TIMG0_IRQHandler              
000035c9  TIMG6_IRQHandler              
000035c9  TIMG8_IRQHandler              
000035c9  UART0_IRQHandler              
000035c9  UART1_IRQHandler              
000035c9  UART2_IRQHandler              
000035c9  UART3_IRQHandler              
000035e5  HardFault_Handler             
0000361d  ST7735_open                   
00003633  ST7735_read                   
00003649  __TI_zero_init_nomemset       
00003661  DAC_Out                       
00003675  TI_memcpy_small               
00003687  __TI_decompress_none          
00003699  Clock_Delay                   
000036a9  Delay                         
000036c7  ST7735_lseek                  
000036f1  TI_memset_small               
00003701  Clock_Freq                    
0000370d  ST7735_rename                 
00003719  __aeabi_memclr                
00003719  __aeabi_memclr4               
00003719  __aeabi_memclr8               
00003725  malloc                        
00003731  PLL_Init                      
0000373b  ST7735_close                  
00003745  ST7735_unlink                 
00003751  __aeabi_memcpy                
00003751  __aeabi_memcpy4               
00003751  __aeabi_memcpy8               
00003759  remove                        
00003761  abort                         
00003766  C$$EXIT                       
00003767  HOSTexit                      
0000376b  Reset_Handler                 
0000376f  _system_pre_init              
0000427c  __TI_Handler_Table_Base       
00004288  __TI_Handler_Table_Limit      
00004290  __TI_CINIT_Base               
000042a0  __TI_CINIT_Limit              
000042a0  __TI_CINIT_Warm               
20200000  __start___llvm_prf_bits       
20200000  __start___llvm_prf_cnts       
20200000  __stop___llvm_prf_bits        
20200000  __stop___llvm_prf_cnts        
20200000  _ftable                       
202000f0  _device                       
20200168  _stream                       
202001b8  __TI_cleanup_ptr              
202001bc  __TI_dtors_ptr                
202001c0  STR_GAMEOVER                  
202001c8  STR_LEFT                      
202001d0  STR_LIVES                     
202001d8  STR_RESTART2                  
202001e0  STR_RESTART                   
202001e8  STR_RIGHT                     
202001f0  STR_SCORE                     
202001f8  STR_SCORELBL                  
20200200  STR_SLIDER                    
20200208  STR_START2                    
20200210  STR_START                     
20200218  STR_SUBTITLE                  
20200220  STR_TITLE                     
20200228  BusFreq                       
20200234  Score                         
20200238  SliderFilt                    
2020023c  SliderRaw                     
20200248  StX                           
2020024c  StY                           
20200250  __TI_ft_end                   
20200254  _lock                         
20200258  _unlock                       
2020025c  PlaneTilt                     
2020025e  PlaneX                        
20200260  PlaneY                        
20200264  StTextColor                   
2020026c  BtnLeft                       
2020026d  BtnRight                      
2020026e  GameOver                      
2020026f  GameTick                      
20200270  Language                      
20200271  Lives                         
20200273  SpawnTimer                    
20200280  _CIOBUF_                      
20200280  __CIOBUF_                     
202003a0  __TI_tmpnams                  
20200440  Meteors                       
20200470  Message                       
2020047c  parmbuf                       
20200488  Messageindex                  
2020048c  TExaSLogic                    
20200490  TExaSadc                      
20200498  _sys_memory                   
20207e00  __stack                       
20208000  __STACK_END                   
ffffffff  __TI_pprof_out_hndl           
ffffffff  __TI_prof_data_size           
ffffffff  __TI_prof_data_start          
ffffffff  __binit__                     
ffffffff  binit                         
UNDEFED   __mpu_init                    
UNDEFED   _system_post_cinit            

[224 symbols]
